[2026-07-12T17:28:57.125Z] POST Request: lat=21.809286695055857, lng=-102.2696417775086
[2026-07-12T17:28:57.133Z] Paths identified:
  incidenciaDir: "C:\Users\sadi7\OneDrive\Desktop\ECOSISTEMA SAI\PERFIL REMOTO\Historial SHAPES\SELECCION PERFILADOR - INCIDENCIA DELICTIVA" (Exists: true)
  bibliografiaDir: "C:\Users\sadi7\OneDrive\Desktop\ECOSISTEMA SAI\PERFIL REMOTO\Bibliografia" (Exists: true)
[2026-07-12T17:28:57.142Z] Found 53 CSV files to scan.
[2026-07-12T17:29:07.317Z] Scanning completed. Found 2116 total matches.
[2026-07-12T17:29:07.335Z] Read 0 bibliography files.
[2026-07-12T17:30:08.282Z] POST Request: lat=21.80928674836141, lng=-102.26964174883909
[2026-07-12T17:30:08.285Z] Paths identified:
  incidenciaDir: "C:\Users\sadi7\OneDrive\Desktop\ECOSISTEMA SAI\PERFIL REMOTO\Historial SHAPES\SELECCION PERFILADOR - INCIDENCIA DELICTIVA" (Exists: true)
  bibliografiaDir: "C:\Users\sadi7\OneDrive\Desktop\ECOSISTEMA SAI\PERFIL REMOTO\Bibliografia" (Exists: true)
[2026-07-12T17:30:08.287Z] Found 53 CSV files to scan.
[2026-07-12T17:30:19.337Z] Scanning completed. Found 2116 total matches.
[2026-07-12T17:30:19.343Z] Read 0 bibliography files.
[2026-07-12T17:45:29.222Z] POST Request: lat=21.80928674836141, lng=-102.26964174883909
[2026-07-12T17:45:29.228Z] Paths identified:
  incidenciaDir: "C:\Users\sadi7\OneDrive\Desktop\ECOSISTEMA SAI\PERFIL REMOTO\Historial SHAPES\SELECCION PERFILADOR - INCIDENCIA DELICTIVA" (Exists: true)
  bibliografiaDir: "C:\Users\sadi7\OneDrive\Desktop\ECOSISTEMA SAI\PERFIL REMOTO\Bibliografia" (Exists: true)
[2026-07-12T17:45:29.234Z] Found 53 CSV files to scan.
[2026-07-12T17:45:38.138Z] Scanning completed. Found 2116 total matches.
[2026-07-12T17:45:38.142Z] Read 0 bibliography files.
[2026-07-12T17:46:33.910Z] POST Request: lat=21.80928679762866, lng=-102.26964172234153
[2026-07-12T17:46:33.913Z] Paths identified:
  incidenciaDir: "C:\Users\sadi7\OneDrive\Desktop\ECOSISTEMA SAI\PERFIL REMOTO\Historial SHAPES\SELECCION PERFILADOR - INCIDENCIA DELICTIVA" (Exists: true)
  bibliografiaDir: "C:\Users\sadi7\OneDrive\Desktop\ECOSISTEMA SAI\PERFIL REMOTO\Bibliografia" (Exists: true)
[2026-07-12T17:46:33.916Z] Found 53 CSV files to scan.
[2026-07-12T17:46:46.961Z] Scanning completed. Found 2116 total matches.
[2026-07-12T17:46:46.966Z] Read 0 bibliography files.
